// 同步 ID: fed0bd05 @ Mon Jul 13 15:47:36 UTC 2026
// 同步 ID: 1ddbcf24 @ Mon Jul 13 18:10:07 UTC 2026
// 重构日志: 4471103b
// 同步 ID: 3e114f41 @ Wed Jul 15 14:37:59 UTC 2026
// 重构日志: e0480311
// 同步 ID: 7ea795c2 @ Thu Jul 16 12:33:37 UTC 2026
// 重构日志: 27aedfca
// 重构日志: 6ae26a61
// 重构日志: 068c5687
// 重构日志: acb207cd
// 重构日志: 46296301
// 重构日志: 17e5a6fb
// 重构日志: 6412d813
// 重构日志: f4723e9e
// 重构日志: e2346b03
// 重构日志: 2f2d07dd
// 重构日志: 929a5e02
// 重构日志: 23e96b37
// 同步 ID: 280f3d87 @ Tue Jul 21 14:56:55 UTC 2026
// 同步 ID: bf882353 @ Wed Jul 22 09:43:29 UTC 2026
// 重构日志: 163fd67e
// 同步 ID: 448d169f @ Wed Jul 22 18:31:33 UTC 2026
// 同步 ID: 721a6698 @ Thu Jul 23 01:03:15 UTC 2026
// 重构日志: b45dc570
// 重构日志: 9e742cb5
// 重构日志: 7e861116
// 重构日志: 69f3065a
// 同步 ID: 67e29968 @ Sun Jul 26 12:21:38 UTC 2026
// 重构日志: ee8a9cc5
// 同步 ID: d01c8253 @ Wed Jul 29 20:19:50 UTC 2026
// 重构日志: 20dd5cbc
// 重构日志: 7ef5ea54
// 重构日志: f54f4335
